16:26:37 **** Build of configuration Debug for project 0_led_driver ****
make -j8 all 
arm-none-eabi-gcc "../Src/main.c" -mcpu=cortex-m4 -std=gnu11 -g3 -DDEBUG -DSTM32 -DSTM32F401RETx -DSTM32F4 -c -I../Inc -I"E:/Build your own RTOS/GCC_STM32CUBEIDE/0_led_driver/chip_headers/CMSIS/Device" -I"E:/Build your own RTOS/GCC_STM32CUBEIDE/0_led_driver/chip_headers/CMSIS/Include" -O0 -ffunction-sections -fdata-sections -Wall -fstack-usage -fcyclomatic-complexity -MMD -MP -MF"Src/main.d" -MT"Src/main.o" --specs=nano.specs -mfpu=fpv4-sp-d16 -mfloat-abi=hard -mthumb -o "Src/main.o"
arm-none-eabi-gcc "../Src/syscalls.c" -mcpu=cortex-m4 -std=gnu11 -g3 -DDEBUG -DSTM32 -DSTM32F401RETx -DSTM32F4 -c -I../Inc -I"E:/Build your own RTOS/GCC_STM32CUBEIDE/0_led_driver/chip_headers/CMSIS/Device" -I"E:/Build your own RTOS/GCC_STM32CUBEIDE/0_led_driver/chip_headers/CMSIS/Include" -O0 -ffunction-sections -fdata-sections -Wall -fstack-usage -fcyclomatic-complexity -MMD -MP -MF"Src/syscalls.d" -MT"Src/syscalls.o" --specs=nano.specs -mfpu=fpv4-sp-d16 -mfloat-abi=hard -mthumb -o "Src/syscalls.o"
arm-none-eabi-gcc "../Src/sysmem.c" -mcpu=cortex-m4 -std=gnu11 -g3 -DDEBUG -DSTM32 -DSTM32F401RETx -DSTM32F4 -c -I../Inc -I"E:/Build your own RTOS/GCC_STM32CUBEIDE/0_led_driver/chip_headers/CMSIS/Device" -I"E:/Build your own RTOS/GCC_STM32CUBEIDE/0_led_driver/chip_headers/CMSIS/Include" -O0 -ffunction-sections -fdata-sections -Wall -fstack-usage -fcyclomatic-complexity -MMD -MP -MF"Src/sysmem.d" -MT"Src/sysmem.o" --specs=nano.specs -mfpu=fpv4-sp-d16 -mfloat-abi=hard -mthumb -o "Src/sysmem.o"
arm-none-eabi-gcc -o "0_led_driver.elf" @"objects.list"   -mcpu=cortex-m4 -T"E:\Build your own RTOS\GCC_STM32CUBEIDE\0_led_driver\STM32F401RETX_FLASH.ld" --specs=nosys.specs -Wl,-Map="0_led_driver.map" -Wl,--gc-sections -static --specs=nano.specs -mfpu=fpv4-sp-d16 -mfloat-abi=hard -mthumb -Wl,--start-group -lc -lm -Wl,--end-group
Finished building target: 0_led_driver.elf
 
arm-none-eabi-size   0_led_driver.elf 
arm-none-eabi-objdump -h -S  0_led_driver.elf  > "0_led_driver.list"
   text	   data	    bss	    dec	    hex	filename
    664	      8	   1568	   2240	    8c0	0_led_driver.elf
Finished building: default.size.stdout
 
Finished building: 0_led_driver.list
 

16:26:43 Build Finished. 0 errors, 0 warnings. (took 6s.233ms)

